<html>
<body>
<pre>
<h1>µVision Build Log</h1>
<h2>Project:</h2>
C:\Users\Rosswell\Documents\CECS_447\Hello_Launchpad_Interrupt\Lab2.uvproj
Project File Date:  09/11/2019

<h2>Output:</h2>
Rebuild target 'HelloLaunchPad'
compiling main.c...
assembling startup.s...
linking...
Program Size: Code=2380 RO-data=2064 RW-data=60 ZI-data=1756  
".\HelloLaunchPad.axf" - 0 Error(s), 0 Warning(s).
Load "C:\\Users\\Rosswell\\Documents\\CECS_447\\Hello_Launchpad_Interrupt\\HelloLaunchPad.axf" 
Connecting: Mode=JTAG, Speed=1000000Hz
Erase Done.
Programming Done.
Verify OK.
</pre>
</body>
</html>
