<html>
<body>
<pre>
<h1>µVision Build Log</h1>
<h2>Project:</h2>
C:\Users\Rosswell\Documents\Tone-Generator\Basic_UART\UART.uvproj
Project File Date:  10/09/2019

<h2>Output:</h2>
Rebuild target 'UART'
assembling startup.s...
compiling PLL.c...
compiling UART.c...
compiling UARTTestMain.c...
UARTTestMain.c(34): warning:  #177-D: variable "x" was declared but never referenced
        unsigned char x;
UARTTestMain.c(35): warning:  #177-D: variable "i" was declared but never referenced
    unsigned char i;
UARTTestMain.c(36): warning:  #177-D: variable "string" was declared but never referenced
    char string[20];  // global to assist in debugging
UARTTestMain.c: 3 warnings, 0 errors
linking...
Program Size: Code=1732 RO-data=16 RW-data=0 ZI-data=1120  
".\UART.axf" - 0 Error(s), 3 Warning(s).
Load "C:\\Users\\Rosswell\\Documents\\Tone-Generator\\Basic_UART\\UART.axf" 
Connecting: Mode=JTAG, Speed=1000000Hz
Erase Done.
Programming Done.
Verify OK.
</pre>
</body>
</html>

Load "C:\\Users\\Rosswell\\Documents\\Tone-Generator\\Basic_UART\\UART.axf" 
_____^
*** error 56: cannot open file
Error: Flash Download failed  -  Could not load file 'C:\Users\Rosswell\Documents\Tone-Generator\Basic_UART\UART.axf'
Clean started: Project: 'UART'
   deleting intermediate output files for target 'UART'
