<html>
<body>
<pre>
<h1>µVision Build Log</h1>
<h2>Project:</h2>
C:\Users\Rosswell\Documents\Tone-Generator\Infrared_Receiver\TM4C_2_Receiver\Lab2.uvproj
Project File Date:  12/09/2019

<h2>Output:</h2>
Rebuild target 'HelloLaunchPad'
assembling startup.s...
compiling lab2_graphics.c...
walking.h(10): warning:  #1-D: last line of file ends without a newline
  void clear_animation(void);
lab2_graphics.c: 1 warning, 0 errors
compiling PLL.c...
compiling ST7735.c...
compiling walking.c...
walking.h(10): warning:  #1-D: last line of file ends without a newline
  void clear_animation(void);
walking.c(212): warning:  #1-D: last line of file ends without a newline
  }
walking.c: 2 warnings, 0 errors
compiling SysTick.c...
compiling waveforms.c...
linking...
Program Size: Code=4916 RO-data=3076 RW-data=96 ZI-data=1120  
".\HelloLaunchPad.axf" - 0 Error(s), 3 Warning(s).
Load "C:\\Users\\Rosswell\\Documents\\Tone-Generator\\Infrared_Receiver\\TM4C_2_Receiver\\HelloLaunchPad.axf" 
Connecting: Mode=JTAG, Speed=1000000Hz
Erase Done.
Programming Done.
Verify OK.
Load "C:\\Users\\Rosswell\\Documents\\Tone-Generator\\Infrared_Receiver\\TM4C_2_Receiver\\HelloLaunchPad.axf" 
Connecting: Mode=JTAG, Speed=1000000Hz
Erase Done.
Programming Done.
Verify OK.
</pre>
</body>
</html>
