<html>
<body>
<pre>
<h1>µVision Build Log</h1>
<h2>Project:</h2>
C:\Users\Rosswell\Documents\Tone-Generator\Infrared_Receiver\TM4C_2_Receiver\Lab2.uvproj
Project File Date:  12/04/2019

<h2>Output:</h2>
Rebuild target 'HelloLaunchPad'
assembling startup.s...
compiling lab2_graphics.c...
lab2_graphics.c(11): warning:  #1295-D: Deprecated declaration Timer0_Init - give arg types
  void Timer0_Init();
lab2_graphics.c(12): warning:  #1295-D: Deprecated declaration PortC_Init - give arg types
  void PortC_Init();
lab2_graphics.c: 2 warnings, 0 errors
compiling PLL.c...
compiling ST7735.c...
compiling walking.c...
linking...
Program Size: Code=3628 RO-data=2052 RW-data=52 ZI-data=5124  
".\HelloLaunchPad.axf" - 0 Error(s), 2 Warning(s).
Load "C:\\Users\\Rosswell\\Documents\\Tone-Generator\\Infrared_Receiver\\TM4C_2_Receiver\\HelloLaunchPad.axf" 
Connecting: Mode=JTAG, Speed=1000000Hz
Unable to initialize device!, error code=1
Error: Flash Download failed  -  Target DLL has been cancelled
