<html>
<body>
<pre>
<h1>µVision Build Log</h1>
<h2>Tool Versions:</h2>
IDE-Version: µVision V5.27.1.0
Copyright (C) 2019 ARM Ltd and ARM Germany GmbH. All rights reserved.
License Information: Steven Phan , csulb, LIC=----
 
Tool Versions:
Toolchain:       MDK-Lite  Version: 5.27.1.0
Toolchain Path:  C:\Keil_v5\ARM\ARMCC\Bin
C Compiler:      Armcc.exe V5.06 update 6 (build 750)
Assembler:       Armasm.exe V5.06 update 6 (build 750)
Linker/Locator:  ArmLink.exe V5.06 update 6 (build 750)
Library Manager: ArmAr.exe V5.06 update 6 (build 750)
Hex Converter:   FromElf.exe V5.06 update 6 (build 750)
CPU DLL:         SARMCM3.DLL V5.27.1.0
Dialog DLL:      DCM.DLL V1.17.2.0
Target DLL:      lmidk-agdi.dll V???
Dialog DLL:      TCM.DLL V1.36.1.0
 
<h2>Project:</h2>
C:\School Work\git\Tone-Generator\Bluetooth_TM4C_1\UART.uvproj
Project File Date:  11/12/2019

<h2>Output:</h2>
*** Using Compiler 'V5.06 update 6 (build 750)', folder: 'C:\Keil_v5\ARM\ARMCC\Bin'
Build target 'UART'
compiling UARTTestMain.c...
UARTTestMain.c(76): warning:  #177-D: variable "x"  was declared but never referenced
  	unsigned char x;
UARTTestMain.c(77): warning:  #177-D: variable "i"  was declared but never referenced
    unsigned char i;
UARTTestMain.c(78): warning:  #177-D: variable "bfptr"  was declared but never referenced
  	char *bfptr;
UARTTestMain.c(79): warning:  #177-D: variable "cmd"  was declared but never referenced
  	char cmd; 
UARTTestMain.c(81): warning:  #177-D: variable "c"  was declared but never referenced
    unsigned long c;
UARTTestMain.c(82): warning:  #177-D: variable "previous"  was declared but never referenced
  	unsigned long previous = 'r'; //default r: sawtooth
UARTTestMain.c(85): warning:  #177-D: variable "n"  was declared but never referenced
  	unsigned char n;																		
UARTTestMain.c(86): warning:  #177-D: variable "data"  was declared but never referenced
  unsigned char data;
UARTTestMain.c(87): warning:  #177-D: variable "a"  was declared but never referenced
  char a = 0x0FF;
UARTTestMain.c(88): warning:  #177-D: variable "checkSum"  was declared but never referenced
  char checkSum;
UARTTestMain.c(89): warning:  #177-D: variable "j"  was declared but never referenced
  int k,j;
UARTTestMain.c(90): warning:  #177-D: variable "sum"  was declared but never referenced
  int sum = 0;
UARTTestMain.c(92): warning:  #177-D: variable "steven"  was declared but never referenced
  char steven[20];
UARTTestMain.c(93): warning:  #177-D: variable "d"  was declared but never referenced
  unsigned long d;
UARTTestMain.c: 14 warnings, 0 errors
linking...
Program Size: Code=2288 RO-data=16 RW-data=0 ZI-data=1120  
".\UART.axf" - 0 Error(s), 14 Warning(s).
Build Time Elapsed:  00:00:02
</pre>
</body>
</html>
