<html>
<body>
<pre>
<h1>µVision Build Log</h1>
<h2>Project:</h2>
C:\Users\Rosswell\Documents\Tone-Generator\Infrared_Receiver\TM4C_2\UART.uvproj
Project File Date:  12/09/2019

<h2>Output:</h2>
Rebuild target 'UART'
assembling startup.s...
compiling PLL.c...
compiling UART.c...
UART.c(348): warning:  #1-D: last line of file ends without a newline
  }
UART.c: 1 warning, 0 errors
compiling UARTTestMain.c...
UARTTestMain.c(50): warning:  #177-D: variable "frequency" was declared but never referenced
        unsigned long frequency = 262;
UARTTestMain.c(51): warning:  #177-D: variable "last_frequency" was declared but never referenced
        unsigned long last_frequency = 262;
UARTTestMain.c(52): warning:  #177-D: variable "freq_value" was declared but never referenced
        unsigned long freq_value;  
UARTTestMain.c: 3 warnings, 0 errors
compiling Tone.c...
compiling SysTick.c...
SysTick.c(100): warning:  #1-D: last line of file ends without a newline
  //}
SysTick.c: 1 warning, 0 errors
compiling IR_Demod.c...
IR_Demod.c(13): warning:  #550-D: variable "delay" was set but never used
        unsigned long delay; 
IR_Demod.c(34): warning:  #550-D: variable "delay" was set but never used
        unsigned long delay; 
IR_Demod.c: 2 warnings, 0 errors
linking...
Program Size: Code=2892 RO-data=32 RW-data=40 ZI-data=5344  
".\UART.axf" - 0 Error(s), 7 Warning(s).
Load "C:\\Users\\Rosswell\\Documents\\Tone-Generator\\Infrared_Receiver\\TM4C_2\\UART.axf" 
Connecting: Mode=JTAG, Speed=1000000Hz
Erase Done.
Programming Done.
Verify OK.
</pre>
</body>
</html>
