<html>
<body>
<pre>
<h1>µVision Build Log</h1>
<h2>Tool Versions:</h2>
IDE-Version: µVision V5.27.1.0
Copyright (C) 2019 ARM Ltd and ARM Germany GmbH. All rights reserved.
License Information: Steven Phan , csulb, LIC=----
 
Tool Versions:
Toolchain:       MDK-Lite  Version: 5.27.1.0
Toolchain Path:  C:\Keil_v5\ARM\ARMCC\Bin
C Compiler:      Armcc.exe V5.06 update 6 (build 750)
Assembler:       Armasm.exe V5.06 update 6 (build 750)
Linker/Locator:  ArmLink.exe V5.06 update 6 (build 750)
Library Manager: ArmAr.exe V5.06 update 6 (build 750)
Hex Converter:   FromElf.exe V5.06 update 6 (build 750)
CPU DLL:         SARMCM3.DLL V5.27.1.0
Dialog DLL:      DCM.DLL V1.17.2.0
Target DLL:      lmidk-agdi.dll V???
Dialog DLL:      TCM.DLL V1.36.1.0
 
<h2>Project:</h2>
C:\School Work\447\Tone-Generator\Infrared_Receiver\TM4C_2\UART.uvproj
Project File Date:  12/05/2019

<h2>Output:</h2>
*** Using Compiler 'V5.06 update 6 (build 750)', folder: 'C:\Keil_v5\ARM\ARMCC\Bin'
Build target 'UART'
compiling UARTTestMain.c...
UARTTestMain.c(41): warning:  #1295-D: Deprecated declaration Timer0_Init - give arg types
  void Timer0_Init(); 
UARTTestMain.c(43): warning:  #1295-D: Deprecated declaration checkStartPulse - give arg types
  int checkStartPulse(); 
UARTTestMain.c(44): warning:  #1295-D: Deprecated declaration check1 - give arg types
  void check1(); 
UARTTestMain.c(45): warning:  #1295-D: Deprecated declaration check0 - give arg types
  void check0(); 
UARTTestMain.c(46): warning:  #1295-D: Deprecated declaration masterReset - give arg types
  void masterReset();
UARTTestMain.c(47): warning:  #1295-D: Deprecated declaration readPacket - give arg types
  void readPacket(); 
UARTTestMain.c(48): warning:  #1295-D: Deprecated declaration decodePacket - give arg types
  void decodePacket(); 
UARTTestMain.c(69): warning:  #177-D: variable "frequency"  was declared but never referenced
  	unsigned long frequency = 262;
UARTTestMain.c(70): warning:  #177-D: variable "last_frequency"  was declared but never referenced
  	unsigned long last_frequency = 262;
UARTTestMain.c(71): warning:  #177-D: variable "freq_value"  was declared but never referenced
  	unsigned long freq_value;  
UARTTestMain.c(72): warning:  #177-D: variable "string"  was declared but never referenced
  	char string [10]; 
UARTTestMain.c(73): warning:  #177-D: variable "k"  was declared but never referenced
  	unsigned int k ; 
UARTTestMain.c(214): warning:  #177-D: variable "count"  was declared but never referenced
  	unsigned int count;
UARTTestMain.c: 13 warnings, 0 errors
linking...
Program Size: Code=2692 RO-data=32 RW-data=48 ZI-data=5344  
".\UART.axf" - 0 Error(s), 13 Warning(s).
Build Time Elapsed:  00:00:02
</pre>
</body>
</html>
