<html>
<body>
<pre>
<h1>µVision Build Log</h1>
<h2>Project:</h2>
C:\Users\Rosswell\Documents\Tone-Generator\ROSS_TM4C_1\UART.uvproj
Project File Date:  11/09/2019

<h2>Output:</h2>
Rebuild target 'UART'
assembling startup.s...
compiling PLL.c...
compiling UART.c...
compiling UARTTestMain.c...
Tone.h(5): warning:  #1-D: last line of file ends without a newline
  void Init_PortB(void);
UARTTestMain.c(12): warning:  #177-D: variable "x" was declared but never referenced
        unsigned char x;
UARTTestMain.c(13): warning:  #177-D: variable "i" was declared but never referenced
    unsigned char i;
UARTTestMain.c(14): warning:  #177-D: variable "string" was declared but never referenced
    char string[20];  // global to assist in debugging
UARTTestMain.c(128): warning:  #1-D: last line of file ends without a newline
  }
UARTTestMain.c: 5 warnings, 0 errors
compiling SysTick.c...
compiling Tone.c...
Tone.h(5): warning:  #1-D: last line of file ends without a newline
  void Init_PortB(void);
Tone.c: 1 warning, 0 errors
linking...
Program Size: Code=2360 RO-data=1040 RW-data=0 ZI-data=1120  
".\UART.axf" - 0 Error(s), 6 Warning(s).
Load "C:\\Users\\Rosswell\\Documents\\Tone-Generator\\ROSS_TM4C_1\\UART.axf" 
Connecting: Mode=JTAG, Speed=1000000Hz
Erase Done.
Programming Done.
Verify OK.
ted: Project: 'UART'
   deleting intermediate output files for target 'UART'
with previous "squareWave" (declared at line 113)
  void squareWave (int delay){
UARTTestMain.c: 6 warnings, 3 errors
compiling SysTick.c...
".\UART.axf" - 3 Error(s), 6 Warning(s).
Target not created
