<html>
<body>
<pre>
<h1>µVision Build Log</h1>
<h2>Project:</h2>
C:\Users\Rosswell\Documents\Tone-Generator\Uart_Bluetooth_Tone_Generator\TM4C_2\UART.uvproj
Project File Date:  10/14/2019

<h2>Output:</h2>
Rebuild target 'UART'
assembling startup.s...
compiling PLL.c...
compiling UART.c...
compiling UARTTestMain.c...
UARTTestMain.c(75): warning:  #177-D: variable "x" was declared but never referenced
        unsigned char x;
UARTTestMain.c(76): warning:  #177-D: variable "i" was declared but never referenced
    unsigned char i;
UARTTestMain.c(77): warning:  #177-D: variable "string" was declared but never referenced
    char string[20];  // global to assist in debugging
UARTTestMain.c: 3 warnings, 0 errors
compiling SysTick.c...
linking...
Program Size: Code=2360 RO-data=1040 RW-data=0 ZI-data=1120  
".\UART.axf" - 0 Error(s), 3 Warning(s).
Load "C:\\Users\\Rosswell\\Documents\\Tone-Generator\\Uart_Bluetooth_Tone_Generator\\TM4C_2\\UART.axf" 
Connecting: Mode=JTAG, Speed=1000000Hz
Erase Done.
Programming Done.
Verify OK.
</pre>
</body>
</html>
